题号: 29 | 问题: 未能从原文档提取到正确答案 | 题干摘要: AI 从业者在职业晋升中，应通过（B）实...
题号: 38 | 问题: 未能从原文档提取到正确答案 | 题干摘要: 强化学习中，智能体通过与（B）交互获得奖...
题号: 105 | 问题: 未能从原文档提取到正确答案 | 题干摘要: 人工智能在制造业的业务场景中，预测性维护...
题号: 117 | 问题: 未能从原文档提取到正确答案 | 题干摘要: 人工智能在能源领域的业务场景中，智能节能...
题号: 128 | 问题: 原文档该题严重残缺，未能提取到选项 | 题干摘要: 业务分析中，风险评估的步骤不包括（）。...
题号: 128 | 问题: 原文档该题严重残缺，未能提取到选项 | 题干摘要: 业务分析中，风险评估的步骤不包括（）。...
题号: 129 | 问题: 原文档该题严重残缺，未能提取到选项 | 题干摘要: 下列属于 AI 项目业务需求中功能性需求...
题号: 130 | 问题: 原文档该题严重残缺，未能提取到选项 | 题干摘要: 人工智能在化工领域的业务场景中，安全生产...
题号: 131 | 问题: 原文档该题严重残缺，未能提取到选项 | 题干摘要: 业务分析中，非功能性需求不包括（）。...
题号: 132 | 问题: 原文档该题严重残缺，未能提取到选项 | 题干摘要: 人工智能在旅游领域的业务应用中，智能推荐...
题号: 132 | 问题: 原文档该题严重残缺，未能提取到选项 | 题干摘要: 人工智能在旅游领域的业务应用中，智能推荐...
题号: 132 | 问题: 原文档该题严重残缺，未能提取到选项 | 题干摘要: 人工智能在旅游领域的业务应用中，智能推荐...
题号: 132 | 问题: 原文档该题严重残缺，未能提取到选项 | 题干摘要: 人工智能在旅游领域的业务应用中，智能推荐...
题号: 132 | 问题: 原文档该题严重残缺，未能提取到选项 | 题干摘要: 人工智能在旅游领域的业务应用中，智能推荐...
题号: 132 | 问题: 原文档该题严重残缺，未能提取到选项 | 题干摘要: 人工智能在旅游领域的业务应用中，智能推荐...
题号: 132 | 问题: 原文档该题严重残缺，未能提取到选项 | 题干摘要: 人工智能在旅游领域的业务应用中，智能推荐...
题号: 132 | 问题: 原文档该题严重残缺，未能提取到选项 | 题干摘要: 人工智能在旅游领域的业务应用中，智能推荐...
题号: 132 | 问题: 原文档该题严重残缺，未能提取到选项 | 题干摘要: 人工智能在旅游领域的业务应用中，智能推荐...
题号: 132 | 问题: 原文档该题严重残缺，未能提取到选项 | 题干摘要: 人工智能在旅游领域的业务应用中，智能推荐...
题号: 301 | 问题: 未能从原文档提取到正确答案 | 题干摘要: 劳动者享有平等就业的权利，以下哪种情况属...
题号: 313 | 问题: 未能从原文档提取到正确答案 | 题干摘要: 下列哪项不属于劳动者可以单方面解除劳动合...
题号: 314 | 问题: 未能从原文档提取到正确答案 | 题干摘要: 按照《劳动法》，劳动合同中约定的劳动保护...
题号: 381 | 问题: 未能从原文档提取到正确答案 | 题干摘要: 为了保证培训取得的预期效果，就必须对培训...
题号: 384 | 问题: 未能从原文档提取到正确答案 | 题干摘要: 在培训过程中（D），是使培训工作取得成功...
题号: 385 | 问题: 未能从原文档提取到正确答案 | 题干摘要: （B）是针对某一个专题知识，一般只安排一...
题号: 387 | 问题: 未能从原文档提取到正确答案 | 题干摘要: （A）以工作的实际情况为基础，将实际工作...
题号: 389 | 问题: 未能从原文档提取到正确答案 | 题干摘要: （D）的主要目的是激励提高各个利益主体参...
题号: 392 | 问题: 未能从原文档提取到正确答案 | 题干摘要: 管理者训练法简称是（C）法。...
题号: 393 | 问题: 未能从原文档提取到正确答案 | 题干摘要: 制定和修订培训制度时，要从（D）角度出发...
题号: 395 | 问题: 未能从原文档提取到正确答案 | 题干摘要: 在制订年度培训计划时，（B）负责组织安排...
题号: 398 | 问题: 未能从原文档提取到正确答案 | 题干摘要: （D）的开发要坚持“满足需求、突出重点、...
题号: 399 | 问题: 未能从原文档提取到正确答案 | 题干摘要: （C）就是根据培训所面临的问题环境来选择...
题号: 400 | 问题: 未能从原文档提取到正确答案 | 题干摘要: 直接传授型培训法适合于（A）类型的培训....
题号: 401 | 问题: 未能从原文档提取到正确答案 | 题干摘要: （B）适合于帮助管理人员或技术人员了解专...
题号: 407 | 问题: 未能从原文档提取到正确答案 | 题干摘要: （A）是培训管理的首要制度。...
题号: 408 | 问题: 未能从原文档提取到正确答案 | 题干摘要: （D）属于培训激励制度的基本内容。...
题号: 410 | 问题: 未能从原文档提取到正确答案 | 题干摘要: 在培训需求信息的收集中,（A）比较适用于...
题号: 411 | 问题: 未能从原文档提取到正确答案 | 题干摘要: （A）是现代培训活动的首要环节。...
题号: 413 | 问题: 未能从原文档提取到正确答案 | 题干摘要: （D）是整个培训教学方案的重心。...
题号: 416 | 问题: 未能从原文档提取到正确答案 | 题干摘要: （C）是培训有效性评估的主要内容。...
题号: 417 | 问题: 未能从原文档提取到正确答案 | 题干摘要: （D）用来描述培训项目导致的组织目标的实...
题号: 418 | 问题: 未能从原文档提取到正确答案 | 题干摘要: 主动性学习风格的课程设计，宜采用（B）的...
题号: 516 | 问题: 未能从原文档提取到正确答案 | 题干摘要: 下列哪项不属于构建合理业务框架需要满足的...
题号: 552 | 问题: 未能从原文档提取到正确答案 | 题干摘要: 下列哪项不属于业务流程优化的正确步骤（D...
题号: 559 | 问题: 未能从原文档提取到正确答案 | 题干摘要: 下列哪种方法通过封装数据和行为来进行系统...
题号: 627 | 问题: 未能从原文档提取到正确答案 | 题干摘要: 业务模式选择中，首先需要明确的核心因素是...
题号: 629 | 问题: 未能从原文档提取到正确答案 | 题干摘要: 下列哪项不属于行业背景分析需要收集的信息...
题号: 641 | 问题: 未能从原文档提取到正确答案 | 题干摘要: 流程改进的最终环节是（D）？...
题号: 642 | 问题: 未能从原文档提取到正确答案 | 题干摘要: 流程改进后，最直接反映经济效益的评估指标...
题号: 648 | 问题: 未能从原文档提取到正确答案 | 题干摘要: 下列哪项是专用于统计分析的编程语言（C）...
题号: 649 | 问题: 未能从原文档提取到正确答案 | 题干摘要: 下列哪项属于基于互联网的自动化数据采集方...
题号: 651 | 问题: 未能从原文档提取到正确答案 | 题干摘要: 在数据分析中，用于衡量数据集中趋势的最基...
题号: 655 | 问题: 未能从原文档提取到正确答案 | 题干摘要: 在日常办公场景中进行数据处理时，最常用的...
题号: 658 | 问题: 未能从原文档提取到正确答案 | 题干摘要: 数据分析报告的主要内容不包括（D）？...
题号: 712 | 问题: 未能从原文档提取到正确答案 | 题干摘要: 智能交通系统从管理层面出发的核心目标是（...
题号: 718 | 问题: 未能从原文档提取到正确答案 | 题干摘要: 需求收集的主要方法不包括（D）？...
题号: 720 | 问题: 未能从原文档提取到正确答案 | 题干摘要: 在解决方案架构设计中，通常不需要考虑的方...
题号: 73 | 问题: 未能从原文档提取到正确答案 | 题干摘要: 成人比较抗拒纯理论知识的讲解，喜欢实践，...
题号: 77 | 问题: 未能从原文档提取到正确答案 | 题干摘要: 职业技能培训指导的方法应适合成年人的特点...
题号: 115 | 问题: 未能从原文档提取到正确答案 | 题干摘要: 设计业务数据采集流程时，应考虑的因素包括...
题号: 127 | 问题: 未能从原文档提取到正确答案 | 题干摘要: 在企业的活动中，（DE）不符合平等尊重的...
